exports[`Poll has an author and a question 1`] = `
<div
  className="poll well"
  id="poll_1"
  onClick={[Function bound handlePollSelect]}>
  <div
    className="pollAuthor">
    Poll Author: 
    <span
      className="pollAuthor">
      Xena
    </span>
  </div>
  <div>
    Poll Question: 
    <span
      className="pollQuestion">
      How cute is Xena?
    </span>
  </div>
</div>
`;
